
> radar-x@0.1.0 build
> next build

▲ Next.js 16.3.8 (Turbopack)
✓ Running next.config.ts took 71ms

  Creating an optimized production build ...
✓ Compiled successfully in 24.2s
  Running TypeScript ...
  Finished TypeScript in 5.4s ...
  Collecting page data using 15 workers ...
  Generating static pages using 15 workers (0/6) ...
  Generating static pages using 15 workers (1/6) 
  Generating static pages using 15 workers (2/6) 
  Generating static pages using 15 workers (4/6) 
✓ Generating static pages using 15 workers (6/6) in 264ms
  Finalizing page optimization ...

Route (app)
┌ ƒ /
├ ƒ /_not-found
├ ƒ /api/tickers
├ ƒ /broker
├ ƒ /broker/[code]
├ ƒ /cases
├ ƒ /cases/[id]
├ ƒ /foreign
├ ○ /icon.png
├ ○ /icon.svg
├ ƒ /methodology
├ ƒ /person/[holder]
├ ○ /robots.txt
├ ƒ /rotation
├ ƒ /rotation/[sub]
├ ƒ /sitemap.xml
└ ƒ /stock/[ticker]


ƒ Proxy (Middleware)

○  (Static)   prerendered as static content
ƒ  (Dynamic)  server-rendered on demand

